=====================================================================
== C:\Program Files (x86)\Steam\SteamApps\common\Arma 3 Server\arma3server.exe
== "C:\Program Files (x86)\Steam\SteamApps\common\Arma 3 Server\arma3server.exe" "-port=10110 -config=RW6\CONFIG.cfg -cfg=RW6\Arma3.cfg -malloc=tbb4malloc_bi -mod=@CBA_A3;@VTS_Weaponresting;@VTS_Gesture;@hlcmods;@RH_M4" -profiles=RW6 -name=Russian War #6

Original output filename: Arma3Retail_Server
Exe timestamp: 2014/08/19 13:16:42
Current time:  2014/08/21 18:46:19

Type: Public
Branch: Stable
Version: 1.26.126789

Allocator: C:\Program Files (x86)\Steam\SteamApps\common\Arma 3 Server\dll\tbb4malloc_bi.dll
=====================================================================

ManagerConfig()
AppId parsing successful. Using appId=107410
Updating base class ->Base, by a3\dubbing_radio_f\config.bin/CfgHQIdentities/PAPA_BEAR/
Updating base class ->Base, by a3\dubbing_radio_f\config.bin/CfgHQIdentities/AirBase/
Updating base class RscShortcutButton->RscButton, by a3\editor_f\config.bin/RscDisplayEditObject/Controls/B_OK/
Updating base class RscSliderH->RscXSliderH, by a3\editor_f\config.bin/RscDisplayEditObject/Slider/
Updating base class RscText->RscPicture, by a3\editor_f\config.bin/RscDisplayEditObject/Preview/
Updating base class RscShortcutButton->RscButton, by a3\editor_f\config.bin/RscDisplayMissionLoad/Controls/B_OK/
Updating base class RscShortcutButton->RscButton, by a3\editor_f\config.bin/RscDisplayMissionSave/Controls/B_OK/
Updating base class ->RscControlsGroup, by a3\ui_f\config.bin/RscControlsGroupNoScrollbars/
Updating base class ->RscControlsGroup, by a3\ui_f\config.bin/RscControlsGroupNoHScrollbars/
Updating base class ->RscControlsGroup, by a3\ui_f\config.bin/RscControlsGroupNoVScrollbars/
Updating base class ->RscText, by a3\ui_f\config.bin/RscLine/
Updating base class ->RscActiveText, by a3\ui_f\config.bin/RscActivePicture/
Updating base class ->RscButton, by a3\ui_f\config.bin/RscButtonTextOnly/
Updating base class ->RscShortcutButton, by a3\ui_f\config.bin/RscShortcutButtonMain/
Updating base class ->RscShortcutButton, by a3\ui_f\config.bin/RscButtonEditor/
Updating base class ->RscShortcutButton, by a3\ui_f\config.bin/RscIGUIShortcutButton/
Updating base class ->RscShortcutButton, by a3\ui_f\config.bin/RscGearShortcutButton/
Updating base class ->RscShortcutButton, by a3\ui_f\config.bin/RscButtonMenu/
Updating base class ->RscButtonMenu, by a3\ui_f\config.bin/RscButtonMenuOK/
Updating base class ->RscButtonMenu, by a3\ui_f\config.bin/RscButtonMenuCancel/
Updating base class ->RscButtonMenu, by a3\ui_f\config.bin/RscButtonMenuSteam/
Updating base class ->RscText, by a3\ui_f\config.bin/RscLoadingText/
Updating base class ->RscListBox, by a3\ui_f\config.bin/RscIGUIListBox/
Updating base class ->RscListNBox, by a3\ui_f\config.bin/RscIGUIListNBox/
Updating base class ->RscText, by a3\ui_f\config.bin/RscBackground/
Updating base class ->RscText, by a3\ui_f\config.bin/RscBackgroundGUI/
Updating base class ->RscPicture, by a3\ui_f\config.bin/RscBackgroundGUILeft/
Updating base class ->RscPicture, by a3\ui_f\config.bin/RscBackgroundGUIRight/
Updating base class ->RscPicture, by a3\ui_f\config.bin/RscBackgroundGUIBottom/
Updating base class ->RscText, by a3\ui_f\config.bin/RscBackgroundGUITop/
Updating base class ->RscText, by a3\ui_f\config.bin/RscBackgroundGUIDark/
Updating base class ->RscPictureKeepAspect, by a3\ui_f\config.bin/RscBackgroundLogo/
Updating base class ->RscMapControl, by a3\ui_f\config.bin/RscMapControlEmpty/
Updating base class ->RscPicture, by a3\ui_f\config.bin/CA_Mainback/
Updating base class ->CA_Mainback, by a3\ui_f\config.bin/CA_Back/
Updating base class ->CA_Mainback, by a3\ui_f\config.bin/CA_Title_Back/
Updating base class ->CA_Mainback, by a3\ui_f\config.bin/CA_Black_Back/
Updating base class ->RscTitle, by a3\ui_f\config.bin/CA_Title/
Updating base class ->RscPictureKeepAspect, by a3\ui_f\config.bin/CA_Logo/
Updating base class ->CA_Logo, by a3\ui_f\config.bin/CA_Logo_Small/
Updating base class ->RscButton, by a3\ui_f\config.bin/CA_RscButton/
Updating base class ->CA_RscButton, by a3\ui_f\config.bin/CA_RscButton_dialog/
Updating base class ->RscActiveText, by a3\ui_f\config.bin/CA_Ok/
Updating base class ->RscText, by a3\ui_f\config.bin/CA_Ok_image/
Updating base class ->RscText, by a3\ui_f\config.bin/CA_Ok_image2/
Updating base class ->RscText, by a3\ui_f\config.bin/CA_Ok_text/
Updating base class ->RscPicture, by a3\ui_f\config.bin/RscVignette/
Updating base class ->RscControlsGroupNoScrollbars, by a3\ui_f\config.bin/RscMapControlTooltip/
Updating base class RscShortcutButton->RscButtonMenu, by a3\ui_f\config.bin/RscDisplayDebug/Controls/B_OK/
Updating base class RscShortcutButton->RscButtonMenu, by a3\ui_f\config.bin/RscDisplayDebug/Controls/B_Cancel/
Updating base class RscShortcutButton->RscButtonMenu, by a3\ui_f\config.bin/RscDisplayDebug/Controls/B_Clear/
Updating base class ->RscText, by a3\ui_f\config.bin/RscDisplayCapture/controls/TimeLines/
Updating base class RscShortcutButton->RscButtonMenu, by a3\ui_f\config.bin/RscDisplayCapture/controls/ButtonAverages/
Updating base class RscShortcutButton->RscButtonMenu, by a3\ui_f\config.bin/RscDisplayCapture/controls/ButtonSavePreviousData/
Updating base class RscShortcutButton->RscButtonMenu, by a3\ui_f\config.bin/RscDisplayCapture/controls/ButtonPreviousData/
Updating base class RscControlsGroup->RscControlsGroupNoHScrollbars, by a3\ui_f\config.bin/RscDisplayMain/controls/ModIcons/
Updating base class RscPicture->RscPictureKeepAspect, by a3\ui_f\config.bin/RscDisplayMain/IconPicture/
Updating base class IconPicture->RscPictureKeepAspect, by a3\ui_f\config.bin/RscDisplayMain/DlcOwnedIconPicture/
Updating base class IconPicture->RscPictureKeepAspect, by a3\ui_f\config.bin/RscDisplayMain/DlcIconPicture/
Updating base class RscListBox->RscCombo, by a3\ui_f\config.bin/RscDisplayCustomizeController/Steepness/
Updating base class ->RscStandardDisplay, by a3\ui_f\config.bin/RscDisplayControlSchemes/
Updating base class ButtonOK->RscButtonMenuCancel, by a3\ui_f\config.bin/RscDisplayControlSchemes/controls/ButtonCancel/
Updating base class RscButton->RscButtonMenuOK, by a3\ui_f\config.bin/RscDisplayControlSchemes/controls/ButtonOK/
Updating base class RscPicture->RscPictureKeepAspect, by a3\ui_f\config.bin/RscDisplayFileSelectImage/controls/OverviewPicture/
Updating base class RscShortcutButton->RscButtonMenuCancel, by a3\ui_f\config.bin/RscDisplayFieldManual/controls/ButtonCancel/
Cannot delete class B_KickOff, it is referenced somewhere (used as a base class probably).
Updating base class RscButton->RscButtonMenuCancel, by a3\ui_f\config.bin/RscDisplayPublishMission/controls/ButtonCancel/
Updating base class RscShortcutButton->RscButtonMenuOK, by a3\ui_f\config.bin/RscDisplayPublishMissionSelectTags/controls/ButtonOK/
Updating base class ButtonOK->RscButtonMenuCancel, by a3\ui_f\config.bin/RscDisplayPublishMissionSelectTags/controls/ButtonCancel/
Updating base class ->RscSubmenu, by a3\ui_f\config.bin/RscMainMenu/
Cannot update non class from class a3\ui_f\config.bin/RscCallSupport/Items/
Cannot update non class from class a3\ui_f\config.bin/RscRadio/Items/
Updating base class ->None, by a3\characters_f\heads\config.bin/CfgGlasses/G_Diving/
Updating base class Optics_Commander_02->Optics_Armored, by a3\armor_f_epb\apc_tracked_03\config.bin/Optics_Commander_03/
Initializing Steam Manager
ManagerConfig()
unable to load subscribed content list. list will be updated from steam
unable to load published content list. list will be updated from steam
unable to load cached items meta info. save and update functionality will be broken
Steam Manager initialized.

==== Loaded addons ====

dta\bin.pbo - unknown
dta\core.pbo - 72362
dta\languagecore_f.pbo - 72314
C:\Program Files (x86)\Steam\SteamApps\common\Arma 3 server\kart\addons\anims_f_kart.ebo - 68104
C:\Program Files (x86)\Steam\SteamApps\common\Arma 3 server\kart\addons\characters_f_kart.ebo - 69654
C:\Program Files (x86)\Steam\SteamApps\common\Arma 3 server\kart\addons\data_f_kart.ebo - 68542
C:\Program Files (x86)\Steam\SteamApps\common\Arma 3 server\kart\addons\languagemissions_f_kart.ebo - 71194
C:\Program Files (x86)\Steam\SteamApps\common\Arma 3 server\kart\addons\language_f_kart.ebo - 71194
C:\Program Files (x86)\Steam\SteamApps\common\Arma 3 server\kart\addons\missions_f_kart.ebo - 72076
C:\Program Files (x86)\Steam\SteamApps\common\Arma 3 server\kart\addons\missions_f_kart_data.ebo - 68567
C:\Program Files (x86)\Steam\SteamApps\common\Arma 3 server\kart\addons\modules_f_kart.ebo - 68506
C:\Program Files (x86)\Steam\SteamApps\common\Arma 3 server\kart\addons\modules_f_kart_data.ebo - 68104
C:\Program Files (x86)\Steam\SteamApps\common\Arma 3 server\kart\addons\soft_f_kart.ebo - 71931
C:\Program Files (x86)\Steam\SteamApps\common\Arma 3 server\kart\addons\sounds_f_kart.ebo - 69963
C:\Program Files (x86)\Steam\SteamApps\common\Arma 3 server\kart\addons\structures_f_kart.ebo - 71528
C:\Program Files (x86)\Steam\SteamApps\common\Arma 3 server\kart\addons\ui_f_kart.ebo - 68104
C:\Program Files (x86)\Steam\SteamApps\common\Arma 3 server\kart\addons\weapons_f_kart.ebo - 69840
C:\Program Files (x86)\Steam\SteamApps\common\Arma 3 server\curator\addons\data_f_curator.pbo - 69630
C:\Program Files (x86)\Steam\SteamApps\common\Arma 3 server\curator\addons\functions_f_curator.pbo - 70878
C:\Program Files (x86)\Steam\SteamApps\common\Arma 3 server\curator\addons\language_f_curator.pbo - 69026
C:\Program Files (x86)\Steam\SteamApps\common\Arma 3 server\curator\addons\missions_f_curator.pbo - 72076
C:\Program Files (x86)\Steam\SteamApps\common\Arma 3 server\curator\addons\modules_f_curator.pbo - 70910
C:\Program Files (x86)\Steam\SteamApps\common\Arma 3 server\curator\addons\ui_f_curator.pbo - 71182
addons\a3.pbo - unknown
addons\air_f.pbo - 72106
addons\air_f_beta.pbo - 72362
addons\air_f_epb.pbo - 72121
addons\air_f_epc.pbo - 72244
addons\air_f_gamma.pbo - 72106
addons\animals_f.pbo - 70922
addons\animals_f_beta.pbo - 69641
addons\anims_f.pbo - 71962
addons\anims_f_bootcamp.pbo - 72244
addons\anims_f_data.pbo - 67148
addons\anims_f_epa.pbo - 70151
addons\anims_f_epc.pbo - 64977
addons\armor_f.pbo - 66875
addons\armor_f_beta.pbo - 72238
addons\armor_f_epb.pbo - 71158
addons\armor_f_epc.pbo - 67549
addons\armor_f_gamma.pbo - 71553
addons\baseconfig_f.pbo - 43414
addons\boat_f.pbo - 71876
addons\boat_f_beta.pbo - 71271
addons\boat_f_epc.pbo - 69978
addons\boat_f_gamma.pbo - 69978
addons\cargoposes_f.pbo - 71528
addons\characters_f.pbo - 72192
addons\characters_f_beta.pbo - 72235
addons\characters_f_bootcamp.pbo - 71769
addons\characters_f_epa.pbo - 72109
addons\characters_f_epb.pbo - 72109
addons\characters_f_epc.pbo - 71967
addons\characters_f_gamma.pbo - 67255
addons\data_f.pbo - 72243
addons\data_f_bootcamp.pbo - 70358
addons\drones_f.pbo - 71840
addons\dubbing_f.pbo - 55351
addons\dubbing_f_beta.pbo - 55170
addons\dubbing_f_bootcamp.pbo - 70741
addons\dubbing_f_epa.pbo - 64461
addons\dubbing_f_epb.pbo - 64461
addons\dubbing_f_epc.pbo - 71948
addons\dubbing_f_gamma.pbo - 55217
addons\dubbing_radio_f.pbo - 70403
addons\dubbing_radio_f_data.pbo - 70088
addons\editor_f.pbo - 70677
addons\functions_f.pbo - 72089
addons\functions_f_bootcamp.pbo - 71974
addons\functions_f_epa.pbo - 69421
addons\functions_f_epc.pbo - 63816
addons\languagemissions_f.pbo - 70504
addons\languagemissions_f_beta.pbo - 67088
addons\languagemissions_f_bootcamp.pbo - 71374
addons\languagemissions_f_epa.pbo - 72010
addons\languagemissions_f_epb.pbo - 69398
addons\languagemissions_f_epc.pbo - 69398
addons\languagemissions_f_gamma.pbo - 67088
addons\language_f.pbo - 72031
addons\language_f_beta.pbo - 72141
addons\language_f_bootcamp.pbo - 71964
addons\language_f_epa.pbo - 67088
addons\language_f_epb.pbo - 70677
addons\language_f_epc.pbo - 72010
addons\language_f_gamma.pbo - 70557
addons\map_altis.pbo - 72244
addons\map_altis_data.pbo - 68681
addons\map_altis_data_layers.pbo - 64204
addons\map_altis_data_layers_00_00.pbo - 64204
addons\map_altis_data_layers_00_01.pbo - 64204
addons\map_altis_data_layers_01_00.pbo - 64204
addons\map_altis_data_layers_01_01.pbo - 64204
addons\map_altis_scenes_f.pbo - 63714
addons\map_data.pbo - 70871
addons\map_stratis.pbo - 72244
addons\map_stratis_data.pbo - 60227
addons\map_stratis_data_layers.pbo - 60227
addons\map_stratis_scenes_f.pbo - 69675
addons\map_vr.pbo - 70890
addons\map_vr_scenes_f.pbo - 70385
addons\misc_f.pbo - 67166
addons\missions_f.pbo - 72113
addons\missions_f_beta.pbo - 72076
addons\missions_f_beta_data.pbo - 62070
addons\missions_f_beta_video.pbo - 49010
addons\missions_f_bootcamp.pbo - 72076
addons\missions_f_bootcamp_data.pbo - 71826
addons\missions_f_bootcamp_video.pbo - 70504
addons\missions_f_data.pbo - 62070
addons\missions_f_epa.pbo - 72184
addons\missions_f_epa_data.pbo - 66883
addons\missions_f_epa_video.pbo - 58252
addons\missions_f_epb.pbo - 72076
addons\missions_f_epb_data.pbo - 66883
addons\missions_f_epb_video.pbo - 61701
addons\missions_f_epc.pbo - 72076
addons\missions_f_epc_data.pbo - 65195
addons\missions_f_epc_video.pbo - 65113
addons\missions_f_gamma.pbo - 72076
addons\missions_f_gamma_data.pbo - 55501
addons\missions_f_gamma_video.pbo - 52884
addons\missions_f_video.pbo - 52434
addons\modules_f.pbo - 72498
addons\modules_f_beta.pbo - 68461
addons\modules_f_beta_data.pbo - 56247
addons\modules_f_bootcamp.pbo - 72049
addons\modules_f_data.pbo - 69859
addons\modules_f_epb.pbo - 66731
addons\music_f.pbo - 69026
addons\music_f_bootcamp.pbo - 69633
addons\music_f_bootcamp_music.pbo - 69256
addons\music_f_epa.pbo - 62941
addons\music_f_epa_music.pbo - 62070
addons\music_f_epb.pbo - 62941
addons\music_f_epb_music.pbo - 62070
addons\music_f_epc.pbo - 65137
addons\music_f_epc_music.pbo - 65137
addons\music_f_music.pbo - 62070
addons\plants_f.pbo - 68746
addons\roads_f.pbo - 71662
addons\rocks_f.pbo - 68633
addons\signs_f.pbo - 71037
addons\soft_f.pbo - 72200
addons\soft_f_beta.pbo - 71840
addons\soft_f_bootcamp.pbo - 72200
addons\soft_f_epc.pbo - 71840
addons\soft_f_gamma.pbo - 72200
addons\sounds_f.pbo - 72216
addons\sounds_f_bootcamp.pbo - 71314
addons\sounds_f_epb.pbo - 71327
addons\sounds_f_epc.pbo - 71976
addons\sounds_f_vehicles.pbo - 71928
addons\sounds_f_weapons.pbo - 72253
addons\static_f.pbo - 71927
addons\static_f_beta.pbo - 69740
addons\static_f_gamma.pbo - 71864
addons\structures_f.pbo - 72229
addons\structures_f_bootcamp.pbo - 72304
addons\structures_f_data.pbo - 72305
addons\structures_f_epa.pbo - 71528
addons\structures_f_epb.pbo - 71781
addons\structures_f_epc.pbo - 72203
addons\structures_f_households.pbo - 72229
addons\structures_f_ind.pbo - 72229
addons\structures_f_mil.pbo - 72229
addons\structures_f_wrecks.pbo - 71528
addons\uifonts_f.pbo - 62497
addons\uifonts_f_data.pbo - 62497
addons\ui_f.pbo - 72099
addons\ui_f_bootcamp.pbo - 71374
addons\ui_f_data.pbo - 72099
addons\weapons_f.pbo - 72240
addons\weapons_f_beta.pbo - 71831
addons\weapons_f_bootcamp.pbo - 71871
addons\weapons_f_epa.pbo - 71913
addons\weapons_f_epb.pbo - 69062
addons\weapons_f_epc.pbo - 68963
addons\weapons_f_gamma.pbo - 69142

=======================

PhysX3 SDK Init started ...
PhysX3 SDK Init ended.
Initializing Steam server - Game Port: 10110, Steam Query Port: 10111
Connected to Steam servers
c:\w\futura_stable\lib\network\networkserver.cpp ClearNetServer:NOT IMPLEMENTED - briefing!
